// 同步 ID: 2327b6b8 @ Tue Jul 21 13:34:09 UTC 2026
// 重构日志: 981b010c
// 同步 ID: 71005f99 @ Wed Jul 22 09:45:06 UTC 2026
// 同步 ID: 169e4c5e @ Wed Jul 22 12:53:49 UTC 2026
// 同步 ID: eafea2f5 @ Thu Jul 23 10:37:10 UTC 2026
// 同步 ID: 8b2fa2f2 @ Fri Jul 24 04:11:36 UTC 2026
// 重构日志: 63c7b308
// 重构日志: ef1d8c16
// 同步 ID: 30c8721e @ Sun Jul 26 04:11:13 UTC 2026
// 重构日志: dbfa9968
// 同步 ID: 130adae2 @ Mon Jul 27 11:41:59 UTC 2026
// 同步 ID: 7d390723 @ Mon Jul 27 21:31:38 UTC 2026
// 重构日志: d5bd5a62
// 重构日志: 29b3fea6
// 重构日志: 5e2a285c
// 同步 ID: 5d395013 @ Fri Jul 31 16:58:19 UTC 2026
// 重构日志: 1f01b4b5
// 重构日志: 9c67c9ff
// 重构日志: c39d0e75
// 同步 ID: f45a5723 @ Sun Aug  2 00:10:23 UTC 2026
// 重构日志: f5eab03a
// 同步 ID: f4f6fac4 @ Thu Aug  6 03:40:02 UTC 2026
// 同步 ID: d2cbf593 @ Fri Aug  7 00:18:07 UTC 2026
// 重构日志: d1eb9379
// 同步 ID: b8ca7054 @ Fri Aug  7 06:19:15 UTC 2026
// 重构日志: f88e2727
// 同步 ID: c62d9366 @ Fri Aug  7 16:07:51 UTC 2026
// 同步 ID: d4489bc6 @ Fri Aug  7 18:49:35 UTC 2026
// 重构日志: f5ed87a5
// 同步 ID: 70ca9efc @ Sat Aug  8 04:56:43 UTC 2026
